// Jest Snapshot v1, https://goo.gl/fbAQLP

exports[`AuthLink renders correctly 1`] = `
<div
  className="makeStyles-root-1 MuiBox-root css-0"
>
  <button
    className="MuiButton-root MuiButton-contained MuiButton-containedPrimary MuiButton-sizeLarge MuiButton-containedSizeLarge MuiButtonBase-root  css-ksofmu-MuiButtonBase-root-MuiButton-root"
    disabled={false}
    onBlur={[Function]}
    onContextMenu={[Function]}
    onDragLeave={[Function]}
    onFocus={[Function]}
    onKeyDown={[Function]}
    onKeyUp={[Function]}
    onMouseDown={[Function]}
    onMouseLeave={[Function]}
    onMouseUp={[Function]}
    onTouchEnd={[Function]}
    onTouchMove={[Function]}
    onTouchStart={[Function]}
    tabIndex={0}
    type="button"
  >
    <a
      href="/signup"
      onClick={[Function]}
    >
      <div
        className="makeStyles-signup-2 MuiBox-root css-0"
      >
        Sign Up
      </div>
    </a>
  </button>
  <button
    className="MuiButton-root MuiButton-outlined MuiButton-outlinedPrimary MuiButton-sizeLarge MuiButton-outlinedSizeLarge MuiButtonBase-root  css-r6008z-MuiButtonBase-root-MuiButton-root"
    disabled={false}
    onBlur={[Function]}
    onContextMenu={[Function]}
    onDragLeave={[Function]}
    onFocus={[Function]}
    onKeyDown={[Function]}
    onKeyUp={[Function]}
    onMouseDown={[Function]}
    onMouseLeave={[Function]}
    onMouseUp={[Function]}
    onTouchEnd={[Function]}
    onTouchMove={[Function]}
    onTouchStart={[Function]}
    tabIndex={0}
    type="button"
  >
    <a
      href="/login"
      onClick={[Function]}
    >
      <div
        className="makeStyles-login-3 MuiBox-root css-0"
      >
        Log In
      </div>
    </a>
  </button>
</div>
`;
